// Vitest Snapshot v1

exports[`App.vue > should mount component 1`] = `
"<div class=\\"wrapper\\">
  <aside>
    <h3 class=\\"text-center\\"> Toast config </h3>
    <div class=\\"form-group form-group-sm\\"><label for=\\"title\\">Title</label><input id=\\"title\\" type=\\"text\\" class=\\"form-control\\"></div>
    <div class=\\"form-group form-group-sm\\"><label for=\\"body\\">Body</label><textarea id=\\"body\\" rows=\\"2\\" class=\\"form-control\\"></textarea></div>
    <div class=\\"row\\">
      <div class=\\"col-xs-6\\">
        <div class=\\"form-group form-group-sm\\"><label for=\\"titlemaxlen\\">Title max-length</label><input id=\\"titlemaxlen\\" type=\\"text\\" min=\\"0\\" class=\\"form-control\\"></div>
      </div>
      <div class=\\"col-xs-6\\">
        <div class=\\"form-group form-group-sm\\"><label for=\\"bodymaxlen\\">Body max-length</label><input id=\\"bodymaxlen\\" type=\\"text\\" min=\\"0\\" class=\\"form-control\\"></div>
      </div>
    </div>
    <div class=\\"row\\">
      <div class=\\"col-xs-6\\">
        <div class=\\"form-group form-group-sm\\"><label for=\\"timeout\\">Timeout</label><input id=\\"timeout\\" type=\\"number\\" min=\\"0\\" class=\\"form-control\\"></div>
      </div>
      <div class=\\"col-xs-6\\">
        <div class=\\"form-group form-group-sm\\"><label for=\\"backdrop\\"> Backdrop (0.0 - 1.0) </label><input id=\\"backdrop\\" type=\\"number\\" class=\\"form-control\\" min=\\"-1\\" max=\\"1\\" step=\\"0.1\\"></div>
      </div>
    </div>
    <div class=\\"form-group form-group-sm\\"><label for=\\"position\\">Position</label>
      <div class=\\"row\\">
        <div class=\\"col-sm-12\\"><select id=\\"position\\" class=\\"form-control\\">
            <option value=\\"leftTop\\"> LEFT - TOP </option>
            <option value=\\"leftCenter\\"> LEFT - CENTER </option>
            <option value=\\"leftBottom\\"> LEFT - BOTTOM </option>
            <option value=\\"rightTop\\"> RIGHT - TOP </option>
            <option value=\\"rightCenter\\"> RIGHT - CENTER </option>
            <option value=\\"rightBottom\\"> RIGHT - BOTTOM </option>
            <option value=\\"centerTop\\"> CENTER - TOP </option>
            <option value=\\"centerCenter\\"> CENTER - CENTER </option>
            <option value=\\"centerBottom\\"> CENTER - BOTTOM </option>
          </select></div>
      </div>
    </div>
    <div class=\\"switch-group-wrapper\\">
      <div class=\\"switch-wrapper\\"><strong>Show progress bar?</strong>
        <div class=\\"switch\\"><input id=\\"progressBar\\" class=\\"cmn-toggle cmn-toggle-yes-no\\" type=\\"checkbox\\"><label for=\\"progressBar\\" data-on=\\"On\\" data-off=\\"Off\\"></label></div>
      </div>
      <div class=\\"switch-wrapper\\"><strong>Close on click?</strong>
        <div class=\\"switch\\"><input id=\\"closeClick\\" class=\\"cmn-toggle cmn-toggle-yes-no\\" type=\\"checkbox\\"><label for=\\"closeClick\\" data-on=\\"On\\" data-off=\\"Off\\"></label></div>
      </div>
      <div class=\\"switch-wrapper\\"><strong>Pause on hover?</strong>
        <div class=\\"switch\\"><input id=\\"pauseHover\\" class=\\"cmn-toggle cmn-toggle-yes-no\\" type=\\"checkbox\\"><label for=\\"pauseHover\\" data-on=\\"On\\" data-off=\\"Off\\"></label></div>
      </div>
      <div class=\\"switch-wrapper\\"><strong>New items on top?</strong>
        <div class=\\"switch\\"><input id=\\"newTop\\" class=\\"cmn-toggle cmn-toggle-yes-no\\" type=\\"checkbox\\"><label for=\\"newTop\\" data-on=\\"On\\" data-off=\\"Off\\"></label></div>
      </div>
      <div class=\\"switch-wrapper\\"><strong>One in queue?</strong>
        <div class=\\"switch\\"><input id=\\"oneAtTime\\" class=\\"cmn-toggle cmn-toggle-yes-no\\" type=\\"checkbox\\"><label for=\\"oneAtTime\\" data-on=\\"On\\" data-off=\\"Off\\"></label></div>
      </div>
      <div class=\\"switch-wrapper\\"><strong>One type in queue?</strong>
        <div class=\\"switch\\"><input id=\\"preventDuplicates\\" class=\\"cmn-toggle cmn-toggle-yes-no\\" type=\\"checkbox\\"><label for=\\"preventDuplicates\\" data-on=\\"On\\" data-off=\\"Off\\"></label></div>
      </div>
    </div>
    <div class=\\"row\\">
      <div class=\\"col-xs-6\\">
        <div class=\\"form-group form-group-sm\\"><label for=\\"dockMax\\"> Max on screen </label><input id=\\"dockMax\\" type=\\"number\\" class=\\"form-control\\" min=\\"1\\"></div>
      </div>
      <div class=\\"col-xs-6\\">
        <div class=\\"form-group form-group-sm\\"><label for=\\"blockMax\\"> Max at position </label><input id=\\"blockMax\\" type=\\"number\\" class=\\"form-control\\" min=\\"1\\"></div>
      </div>
    </div>
    <div class=\\"form-group form-group-sm\\"><label for=\\"style\\">Toast Style</label>
      <div class=\\"row\\">
        <div class=\\"col-sm-12\\"><select id=\\"style\\" class=\\"form-control\\">
            <option value=\\"material\\"> Material </option>
            <option value=\\"dark\\"> Dark </option>
            <option value=\\"simple\\"> Simple </option>
          </select></div>
      </div>
    </div>
    <div class=\\"form-group form-group-sm\\">
      <div class=\\"buttons\\">
        <div class=\\"btn-group btn-group-justified\\">
          <div class=\\"btn btn-success\\"> Success </div>
          <div class=\\"btn btn-info\\"> Info </div>
          <div class=\\"btn btn-danger\\"> Error </div>
          <div class=\\"btn btn-warning\\"> Warning </div>
        </div>
        <div class=\\"btn-group btn-group-justified\\">
          <div class=\\"btn btn-default\\"> Simple </div>
          <div class=\\"btn btn-blue\\"> Async </div>
          <div class=\\"btn btn-teal\\"> Confirm </div>
          <div class=\\"btn btn-black\\"> Prompt </div>
        </div>
        <div class=\\"btn-group btn-group-justified\\">
          <div class=\\"btn btn-default\\"> HTML </div>
        </div>
      </div>
    </div>
    <div class=\\"btn btn-block btn-primary\\"> Clear all </div>
  </aside>
  <div class=\\"content\\">
    <main>
      <div class=\\"brand\\">
        <h1>Vue-Snotify</h1>
        <p>Vue.js 3 Notification Center</p>
      </div>
    </main>
    <footer>
      <div class=\\"footer\\"><a href=\\"https://github.com/theace0296/vue-snotify\\" target=\\"_blank\\">GitHub</a> â—‰ <a href=\\"https://www.npmjs.com/package/@theace0296/vue-snotify\\" target=\\"_blank\\">NPM</a>
        <h6>MIT</h6>
      </div>
    </footer>
    <div class=\\"material\\">
      <!--v-if-->
      <div class=\\"snotify snotify-left_top\\"></div>
      <div class=\\"snotify snotify-left_center\\"></div>
      <div class=\\"snotify snotify-left_bottom\\"></div>
      <div class=\\"snotify snotify-right_top\\"></div>
      <div class=\\"snotify snotify-right_center\\"></div>
      <div class=\\"snotify snotify-right_bottom\\"></div>
      <div class=\\"snotify snotify-center_top\\"></div>
      <div class=\\"snotify snotify-center_center\\"></div>
      <div class=\\"snotify snotify-center_bottom\\"></div>
    </div>
  </div>
</div>"
`;
